Sun Aug  3 21:42:49 +08 2025: 📤 成功推送到遠端
Sun Aug  3 21:42:49 +08 2025: 🎉 同步完成
------------------------
Sun Aug  3 21:42:49 +08 2025: 📁 檢測到文件變更: 1
Sun Aug  3 21:42:50 +08 2025: 📝 本地變更已提交
Sun Aug  3 21:42:54 +08 2025: ✅ 成功合併遠端變更
Sun Aug  3 21:42:57 +08 2025: 📤 成功推送到遠端
Sun Aug  3 21:42:57 +08 2025: 🎉 同步完成
------------------------
Sun Aug  3 21:42:57 +08 2025: 📁 檢測到文件變更: 32
Sun Aug  3 21:43:01 +08 2025: ✅ 成功合併遠端變更
Sun Aug  3 21:43:04 +08 2025: 📤 成功推送到遠端
Sun Aug  3 21:43:04 +08 2025: 🎉 同步完成
------------------------
Sun Aug  3 21:43:04 +08 2025: 📁 檢測到文件變更: 12
Sun Aug  3 21:43:09 +08 2025: ✅ 成功合併遠端變更
Sun Aug  3 21:43:12 +08 2025: 📤 成功推送到遠端
Sun Aug  3 21:43:12 +08 2025: 🎉 同步完成
------------------------
Sun Aug  3 21:43:12 +08 2025: 📁 檢測到文件變更: 18
Sun Aug  3 21:43:13 +08 2025: 📝 本地變更已提交
Sun Aug  3 21:43:16 +08 2025: ✅ 成功合併遠端變更
Sun Aug  3 21:43:19 +08 2025: 📤 成功推送到遠端
Sun Aug  3 21:43:19 +08 2025: 🎉 同步完成
------------------------
Sun Aug  3 21:43:19 +08 2025: 📁 檢測到文件變更: 1
Sun Aug  3 21:43:20 +08 2025: 📝 本地變更已提交
Sun Aug  3 21:43:23 +08 2025: ✅ 成功合併遠端變更
Sun Aug  3 21:43:26 +08 2025: 📤 成功推送到遠端
Sun Aug  3 21:43:26 +08 2025: 🎉 同步完成
------------------------
Sun Aug  3 21:43:26 +08 2025: 📁 檢測到文件變更: 1
Sun Aug  3 21:43:27 +08 2025: 📝 本地變更已提交
Sun Aug  3 21:43:30 +08 2025: ✅ 成功合併遠端變更
Sun Aug  3 21:43:33 +08 2025: 📤 成功推送到遠端
Sun Aug  3 21:43:33 +08 2025: 🎉 同步完成
------------------------
Sun Aug  3 21:43:33 +08 2025: 📁 檢測到文件變更: 1
Sun Aug  3 21:43:34 +08 2025: 📝 本地變更已提交
Sun Aug  3 21:43:38 +08 2025: ✅ 成功合併遠端變更
Sun Aug  3 21:43:41 +08 2025: 📤 成功推送到遠端
Sun Aug  3 21:43:41 +08 2025: 🎉 同步完成
------------------------
Sun Aug  3 21:43:41 +08 2025: 📁 檢測到文件變更: 1
Sun Aug  3 21:43:45 +08 2025: ✅ 成功合併遠端變更
Sun Aug  3 21:43:48 +08 2025: 📤 成功推送到遠端
Sun Aug  3 21:43:48 +08 2025: 🎉 同步完成
------------------------
Sun Aug  3 21:43:48 +08 2025: 📁 檢測到文件變更: 1
Sun Aug  3 21:43:53 +08 2025: ✅ 成功合併遠端變更
Sun Aug  3 21:43:56 +08 2025: 📤 成功推送到遠端
Sun Aug  3 21:43:56 +08 2025: 🎉 同步完成
------------------------
Sun Aug  3 21:43:56 +08 2025: 📁 檢測到文件變更: 1
Sun Aug  3 21:43:57 +08 2025: 📝 本地變更已提交
Sun Aug  3 21:44:00 +08 2025: ✅ 成功合併遠端變更
Sun Aug  3 21:44:03 +08 2025: 📤 成功推送到遠端
Sun Aug  3 21:44:03 +08 2025: 🎉 同步完成
------------------------
Sun Aug  3 21:44:03 +08 2025: 📁 檢測到文件變更: 1
Sun Aug  3 21:44:04 +08 2025: 📝 本地變更已提交
Sun Aug  3 21:44:08 +08 2025: ✅ 成功合併遠端變更
Sun Aug  3 21:44:11 +08 2025: 📤 成功推送到遠端
Sun Aug  3 21:44:11 +08 2025: 🎉 同步完成
------------------------
Sun Aug  3 21:44:11 +08 2025: 📁 檢測到文件變更: 1
Sun Aug  3 21:44:12 +08 2025: 📝 本地變更已提交
Sun Aug  3 21:44:15 +08 2025: ✅ 成功合併遠端變更
Sun Aug  3 21:44:18 +08 2025: 📤 成功推送到遠端
Sun Aug  3 21:44:18 +08 2025: 🎉 同步完成
------------------------
Sun Aug  3 21:44:18 +08 2025: 📁 檢測到文件變更: 2
Sun Aug  3 21:44:19 +08 2025: 📝 本地變更已提交
Sun Aug  3 21:44:23 +08 2025: ✅ 成功合併遠端變更
Sun Aug  3 21:44:26 +08 2025: 📤 成功推送到遠端
Sun Aug  3 21:44:26 +08 2025: 🎉 同步完成
------------------------
Sun Aug  3 21:44:26 +08 2025: 📁 檢測到文件變更: 1
Sun Aug  3 21:44:30 +08 2025: ✅ 成功合併遠端變更
