/Users/mac/Documents/Sync-Logseq/auto_sync.sh: line 9: syntax error near unexpected token `newline'
/Users/mac/Documents/Sync-Logseq/auto_sync.sh: line 9: `  echo "Sync started at $(date)" >> '
/Users/mac/Documents/Sync-Logseq/auto_sync.sh: line 11: change: command not found
/Users/mac/Documents/Sync-Logseq/auto_sync.sh: line 15: 記錄是哪個變更觸發的: command not found
/Users/mac/Documents/Sync-Logseq/auto_sync.sh: line 15: 記錄是哪個變更觸發的: command not found
/Users/mac/Documents/Sync-Logseq/auto_sync.sh: line 15: 記錄是哪個變更觸發的: command not found
/Users/mac/Documents/Sync-Logseq/auto_sync.sh: line 15: 記錄是哪個變更觸發的: command not found
/Users/mac/Documents/Sync-Logseq/auto_sync.sh: line 15: 記錄是哪個變更觸發的: command not found
/Users/mac/Documents/Sync-Logseq/auto_sync.sh: line 15: 記錄是哪個變更觸發的: command not found
/Users/mac/Documents/Sync-Logseq/auto_sync.sh: line 15: 記錄是哪個變更觸發的: command not found
/Users/mac/Documents/Sync-Logseq/auto_sync.sh: line 15: 記錄是哪個變更觸發的: command not found
/Users/mac/Documents/Sync-Logseq/auto_sync.sh: line 15: 記錄是哪個變更觸發的: command not found
/Users/mac/Documents/Sync-Logseq/auto_sync.sh: line 15: 記錄是哪個變更觸發的: command not found
/Users/mac/Documents/Sync-Logseq/auto_sync.sh: line 15: 記錄是哪個變更觸發的: command not found
/Users/mac/Documents/Sync-Logseq/auto_sync.sh: line 15: 記錄是哪個變更觸發的: command not found
/Users/mac/Documents/Sync-Logseq/auto_sync.sh: line 15: 記錄是哪個變更觸發的: command not found
/Users/mac/Documents/Sync-Logseq/auto_sync.sh: line 15: 記錄是哪個變更觸發的: command not found
/Users/mac/Documents/Sync-Logseq/auto_sync.sh: line 15: 記錄是哪個變更觸發的: command not found
/Users/mac/Documents/Sync-Logseq/auto_sync.sh: line 15: 記錄是哪個變更觸發的: command not found
/Users/mac/Documents/Sync-Logseq/auto_sync.sh: line 15: 記錄是哪個變更觸發的: command not found
/Users/mac/Documents/Sync-Logseq/auto_sync.sh: line 15: 記錄是哪個變更觸發的: command not found
/Users/mac/Documents/Sync-Logseq/auto_sync.sh: line 15: 記錄是哪個變更觸發的: command not found
/Users/mac/Documents/Sync-Logseq/auto_sync.sh: line 15: 記錄是哪個變更觸發的: command not found
/Users/mac/Documents/Sync-Logseq/auto_sync.sh: line 15: 記錄是哪個變更觸發的: command not found
/Users/mac/Documents/Sync-Logseq/auto_sync.sh: line 15: 記錄是哪個變更觸發的: command not found
/Users/mac/Documents/Sync-Logseq/auto_sync.sh: line 15: 記錄是哪個變更觸發的: command not found
/Users/mac/Documents/Sync-Logseq/auto_sync.sh: line 15: 記錄是哪個變更觸發的: command not found
/Users/mac/Documents/Sync-Logseq/auto_sync.sh: line 15: 記錄是哪個變更觸發的: command not found
/Users/mac/Documents/Sync-Logseq/auto_sync.sh: line 15: 記錄是哪個變更觸發的: command not found
/Users/mac/Documents/Sync-Logseq/auto_sync.sh: line 15: 記錄是哪個變更觸發的: command not found
/Users/mac/Documents/Sync-Logseq/auto_sync.sh: line 15: 記錄是哪個變更觸發的: command not found
/Users/mac/Documents/Sync-Logseq/auto_sync.sh: line 15: 記錄是哪個變更觸發的: command not found
/Users/mac/Documents/Sync-Logseq/auto_sync.sh: line 15: 記錄是哪個變更觸發的: command not found
/Users/mac/Documents/Sync-Logseq/auto_sync.sh: line 15: 記錄是哪個變更觸發的: command not found
/Users/mac/Documents/Sync-Logseq/auto_sync.sh: line 15: 記錄是哪個變更觸發的: command not found
/Users/mac/Documents/Sync-Logseq/auto_sync.sh: line 15: 記錄是哪個變更觸發的: command not found
/Users/mac/Documents/Sync-Logseq/auto_sync.sh: line 15: 記錄是哪個變更觸發的: command not found
/Users/mac/Documents/Sync-Logseq/auto_sync.sh: line 15: 記錄是哪個變更觸發的: command not found
/Users/mac/Documents/Sync-Logseq/auto_sync.sh: line 15: 記錄是哪個變更觸發的: command not found
/Users/mac/Documents/Sync-Logseq/auto_sync.sh: line 15: 記錄是哪個變更觸發的: command not found
/Users/mac/Documents/Sync-Logseq/auto_sync.sh: line 15: 記錄是哪個變更觸發的: command not found
/Users/mac/Documents/Sync-Logseq/auto_sync.sh: line 15: 記錄是哪個變更觸發的: command not found
/Users/mac/Documents/Sync-Logseq/auto_sync.sh: line 15: 記錄是哪個變更觸發的: command not found
/Users/mac/Documents/Sync-Logseq/auto_sync.sh: line 15: 記錄是哪個變更觸發的: command not found
/Users/mac/Documents/Sync-Logseq/auto_sync.sh: line 15: 記錄是哪個變更觸發的: command not found
/Users/mac/Documents/Sync-Logseq/auto_sync.sh: line 15: 記錄是哪個變更觸發的: command not found
/Users/mac/Documents/Sync-Logseq/auto_sync.sh: line 15: 記錄是哪個變更觸發的: command not found
/Users/mac/Documents/Sync-Logseq/auto_sync.sh: line 15: 記錄是哪個變更觸發的: command not found
/Users/mac/Documents/Sync-Logseq/auto_sync.sh: line 15: 記錄是哪個變更觸發的: command not found
/Users/mac/Documents/Sync-Logseq/auto_sync.sh: line 15: 記錄是哪個變更觸發的: command not found
/Users/mac/Documents/Sync-Logseq/auto_sync.sh: line 15: 記錄是哪個變更觸發的: command not found
/Users/mac/Documents/Sync-Logseq/auto_sync.sh: line 15: 記錄是哪個變更觸發的: command not found
/Users/mac/Documents/Sync-Logseq/auto_sync.sh: line 15: 記錄是哪個變更觸發的: command not found
/Users/mac/Documents/Sync-Logseq/auto_sync.sh: line 15: 記錄是哪個變更觸發的: command not found
/Users/mac/Documents/Sync-Logseq/auto_sync.sh: line 15: 記錄是哪個變更觸發的: command not found
/Users/mac/Documents/Sync-Logseq/auto_sync.sh: line 15: 記錄是哪個變更觸發的: command not found
/Users/mac/Documents/Sync-Logseq/auto_sync.sh: line 15: 記錄是哪個變更觸發的: command not found
/Users/mac/Documents/Sync-Logseq/auto_sync.sh: line 15: 記錄是哪個變更觸發的: command not found
/Users/mac/Documents/Sync-Logseq/auto_sync.sh: line 15: 記錄是哪個變更觸發的: command not found
/Users/mac/Documents/Sync-Logseq/auto_sync.sh: line 15: 記錄是哪個變更觸發的: command not found
/Users/mac/Documents/Sync-Logseq/auto_sync.sh: line 15: 記錄是哪個變更觸發的: command not found
/Users/mac/Documents/Sync-Logseq/auto_sync.sh: line 15: 記錄是哪個變更觸發的: command not found
/Users/mac/Documents/Sync-Logseq/auto_sync.sh: line 15: 記錄是哪個變更觸發的: command not found
/Users/mac/Documents/Sync-Logseq/auto_sync.sh: line 15: 記錄是哪個變更觸發的: command not found
/Users/mac/Documents/Sync-Logseq/auto_sync.sh: line 15: 記錄是哪個變更觸發的: command not found
/Users/mac/Documents/Sync-Logseq/auto_sync.sh: line 15: 記錄是哪個變更觸發的: command not found
/Users/mac/Documents/Sync-Logseq/auto_sync.sh: line 15: 記錄是哪個變更觸發的: command not found
/Users/mac/Documents/Sync-Logseq/auto_sync.sh: line 15: 記錄是哪個變更觸發的: command not found
/Users/mac/Documents/Sync-Logseq/auto_sync.sh: line 15: 記錄是哪個變更觸發的: command not found
/Users/mac/Documents/Sync-Logseq/auto_sync.sh: line 15: 記錄是哪個變更觸發的: command not found
/Users/mac/Documents/Sync-Logseq/auto_sync.sh: line 15: 記錄是哪個變更觸發的: command not found
/Users/mac/Documents/Sync-Logseq/auto_sync.sh: line 15: 記錄是哪個變更觸發的: command not found
/Users/mac/Documents/Sync-Logseq/auto_sync.sh: line 15: 記錄是哪個變更觸發的: command not found
/Users/mac/Documents/Sync-Logseq/auto_sync.sh: line 15: 記錄是哪個變更觸發的: command not found
/Users/mac/Documents/Sync-Logseq/auto_sync.sh: line 15: 記錄是哪個變更觸發的: command not found
/Users/mac/Documents/Sync-Logseq/auto_sync.sh: line 15: 記錄是哪個變更觸發的: command not found
/Users/mac/Documents/Sync-Logseq/auto_sync.sh: line 15: 記錄是哪個變更觸發的: command not found
/Users/mac/Documents/Sync-Logseq/auto_sync.sh: line 15: 記錄是哪個變更觸發的: command not found
/Users/mac/Documents/Sync-Logseq/auto_sync.sh: line 15: 記錄是哪個變更觸發的: command not found
/Users/mac/Documents/Sync-Logseq/auto_sync.sh: line 15: 記錄是哪個變更觸發的: command not found
/Users/mac/Documents/Sync-Logseq/auto_sync.sh: line 15: 記錄是哪個變更觸發的: command not found
/Users/mac/Documents/Sync-Logseq/auto_sync.sh: line 15: 記錄是哪個變更觸發的: command not found
/Users/mac/Documents/Sync-Logseq/auto_sync.sh: line 15: 記錄是哪個變更觸發的: command not found
/Users/mac/Documents/Sync-Logseq/auto_sync.sh: line 15: 記錄是哪個變更觸發的: command not found
/Users/mac/Documents/Sync-Logseq/auto_sync.sh: line 15: 記錄是哪個變更觸發的: command not found
/Users/mac/Documents/Sync-Logseq/auto_sync.sh: line 15: 記錄是哪個變更觸發的: command not found
/Users/mac/Documents/Sync-Logseq/auto_sync.sh: line 15: 記錄是哪個變更觸發的: command not found
/Users/mac/Documents/Sync-Logseq/auto_sync.sh: line 15: 記錄是哪個變更觸發的: command not found
/Users/mac/Documents/Sync-Logseq/auto_sync.sh: line 15: 記錄是哪個變更觸發的: command not found
/Users/mac/Documents/Sync-Logseq/auto_sync.sh: line 15: 記錄是哪個變更觸發的: command not found
/Users/mac/Documents/Sync-Logseq/auto_sync.sh: line 15: 記錄是哪個變更觸發的: command not found
/Users/mac/Documents/Sync-Logseq/auto_sync.sh: line 15: 記錄是哪個變更觸發的: command not found
/Users/mac/Documents/Sync-Logseq/auto_sync.sh: line 15: 記錄是哪個變更觸發的: command not found
/Users/mac/Documents/Sync-Logseq/auto_sync.sh: line 15: 記錄是哪個變更觸發的: command not found
/Users/mac/Documents/Sync-Logseq/auto_sync.sh: line 15: 記錄是哪個變更觸發的: command not found
/Users/mac/Documents/Sync-Logseq/auto_sync.sh: line 15: 記錄是哪個變更觸發的: command not found
/Users/mac/Documents/Sync-Logseq/auto_sync.sh: line 15: 記錄是哪個變更觸發的: command not found
/Users/mac/Documents/Sync-Logseq/auto_sync.sh: line 15: 記錄是哪個變更觸發的: command not found
/Users/mac/Documents/Sync-Logseq/auto_sync.sh: line 15: 記錄是哪個變更觸發的: command not found
/Users/mac/Documents/Sync-Logseq/auto_sync.sh: line 15: 記錄是哪個變更觸發的: command not found
/Users/mac/Documents/Sync-Logseq/auto_sync.sh: line 15: 記錄是哪個變更觸發的: command not found
/Users/mac/Documents/Sync-Logseq/auto_sync.sh: line 15: 記錄是哪個變更觸發的: command not found
/Users/mac/Documents/Sync-Logseq/auto_sync.sh: line 15: 記錄是哪個變更觸發的: command not found
/Users/mac/Documents/Sync-Logseq/auto_sync.sh: line 15: 記錄是哪個變更觸發的: command not found
/Users/mac/Documents/Sync-Logseq/auto_sync.sh: line 15: 記錄是哪個變更觸發的: command not found
/Users/mac/Documents/Sync-Logseq/auto_sync.sh: line 15: 記錄是哪個變更觸發的: command not found
/Users/mac/Documents/Sync-Logseq/auto_sync.sh: line 15: 記錄是哪個變更觸發的: command not found
/Users/mac/Documents/Sync-Logseq/auto_sync.sh: line 15: 記錄是哪個變更觸發的: command not found
/Users/mac/Documents/Sync-Logseq/auto_sync.sh: line 15: 記錄是哪個變更觸發的: command not found
/Users/mac/Documents/Sync-Logseq/auto_sync.sh: line 15: 記錄是哪個變更觸發的: command not found
/Users/mac/Documents/Sync-Logseq/auto_sync.sh: line 15: 記錄是哪個變更觸發的: command not found
/Users/mac/Documents/Sync-Logseq/auto_sync.sh: line 15: 記錄是哪個變更觸發的: command not found
/Users/mac/Documents/Sync-Logseq/auto_sync.sh: line 15: 記錄是哪個變更觸發的: command not found
/Users/mac/Documents/Sync-Logseq/auto_sync.sh: line 15: 記錄是哪個變更觸發的: command not found
/Users/mac/Documents/Sync-Logseq/auto_sync.sh: line 15: 記錄是哪個變更觸發的: command not found
/Users/mac/Documents/Sync-Logseq/auto_sync.sh: line 15: 記錄是哪個變更觸發的: command not found
/Users/mac/Documents/Sync-Logseq/auto_sync.sh: line 15: 記錄是哪個變更觸發的: command not found
/Users/mac/Documents/Sync-Logseq/auto_sync.sh: line 15: 記錄是哪個變更觸發的: command not found
/Users/mac/Documents/Sync-Logseq/auto_sync.sh: line 15: 記錄是哪個變更觸發的: command not found
/Users/mac/Documents/Sync-Logseq/auto_sync.sh: line 15: 記錄是哪個變更觸發的: command not found
/Users/mac/Documents/Sync-Logseq/auto_sync.sh: line 15: 記錄是哪個變更觸發的: command not found
/Users/mac/Documents/Sync-Logseq/auto_sync.sh: line 15: 記錄是哪個變更觸發的: command not found
/Users/mac/Documents/Sync-Logseq/auto_sync.sh: line 15: 記錄是哪個變更觸發的: command not found
/Users/mac/Documents/Sync-Logseq/auto_sync.sh: line 15: 記錄是哪個變更觸發的: command not found
/Users/mac/Documents/Sync-Logseq/auto_sync.sh: line 15: 記錄是哪個變更觸發的: command not found
/Users/mac/Documents/Sync-Logseq/auto_sync.sh: line 15: 記錄是哪個變更觸發的: command not found
/Users/mac/Documents/Sync-Logseq/auto_sync.sh: line 15: 記錄是哪個變更觸發的: command not found
/Users/mac/Documents/Sync-Logseq/auto_sync.sh: line 15: 記錄是哪個變更觸發的: command not found
/Users/mac/Documents/Sync-Logseq/auto_sync.sh: line 15: 記錄是哪個變更觸發的: command not found
/Users/mac/Documents/Sync-Logseq/auto_sync.sh: line 15: 記錄是哪個變更觸發的: command not found
/Users/mac/Documents/Sync-Logseq/auto_sync.sh: line 15: 記錄是哪個變更觸發的: command not found
/Users/mac/Documents/Sync-Logseq/auto_sync.sh: line 15: 記錄是哪個變更觸發的: command not found
/Users/mac/Documents/Sync-Logseq/auto_sync.sh: line 15: 記錄是哪個變更觸發的: command not found
/Users/mac/Documents/Sync-Logseq/auto_sync.sh: line 15: 記錄是哪個變更觸發的: command not found
/Users/mac/Documents/Sync-Logseq/auto_sync.sh: line 15: 記錄是哪個變更觸發的: command not found
/Users/mac/Documents/Sync-Logseq/auto_sync.sh: line 15: 記錄是哪個變更觸發的: command not found
/Users/mac/Documents/Sync-Logseq/auto_sync.sh: line 15: 記錄是哪個變更觸發的: command not found
/Users/mac/Documents/Sync-Logseq/auto_sync.sh: line 15: 記錄是哪個變更觸發的: command not found
/Users/mac/Documents/Sync-Logseq/auto_sync.sh: line 15: 記錄是哪個變更觸發的: command not found
/Users/mac/Documents/Sync-Logseq/auto_sync.sh: line 15: 記錄是哪個變更觸發的: command not found
/Users/mac/Documents/Sync-Logseq/auto_sync.sh: line 15: 記錄是哪個變更觸發的: command not found
/Users/mac/Documents/Sync-Logseq/auto_sync.sh: line 15: 記錄是哪個變更觸發的: command not found
/Users/mac/Documents/Sync-Logseq/auto_sync.sh: line 15: 記錄是哪個變更觸發的: command not found
/Users/mac/Documents/Sync-Logseq/auto_sync.sh: line 15: 記錄是哪個變更觸發的: command not found
/Users/mac/Documents/Sync-Logseq/auto_sync.sh: line 15: 記錄是哪個變更觸發的: command not found
/Users/mac/Documents/Sync-Logseq/auto_sync.sh: line 15: 記錄是哪個變更觸發的: command not found
/Users/mac/Documents/Sync-Logseq/auto_sync.sh: line 15: 記錄是哪個變更觸發的: command not found
/Users/mac/Documents/Sync-Logseq/auto_sync.sh: line 15: 記錄是哪個變更觸發的: command not found
/Users/mac/Documents/Sync-Logseq/auto_sync.sh: line 15: 記錄是哪個變更觸發的: command not found
/Users/mac/Documents/Sync-Logseq/auto_sync.sh: line 15: 記錄是哪個變更觸發的: command not found
/Users/mac/Documents/Sync-Logseq/auto_sync.sh: line 15: 記錄是哪個變更觸發的: command not found
/Users/mac/Documents/Sync-Logseq/auto_sync.sh: line 15: 記錄是哪個變更觸發的: command not found
/Users/mac/Documents/Sync-Logseq/auto_sync.sh: line 15: 記錄是哪個變更觸發的: command not found
/Users/mac/Documents/Sync-Logseq/auto_sync.sh: line 15: 記錄是哪個變更觸發的: command not found
/Users/mac/Documents/Sync-Logseq/auto_sync.sh: line 15: 記錄是哪個變更觸發的: command not found
/Users/mac/Documents/Sync-Logseq/auto_sync.sh: line 15: 記錄是哪個變更觸發的: command not found
/Users/mac/Documents/Sync-Logseq/auto_sync.sh: line 15: 記錄是哪個變更觸發的: command not found
/Users/mac/Documents/Sync-Logseq/auto_sync.sh: line 15: 記錄是哪個變更觸發的: command not found
/Users/mac/Documents/Sync-Logseq/auto_sync.sh: line 15: 記錄是哪個變更觸發的: command not found
/Users/mac/Documents/Sync-Logseq/auto_sync.sh: line 15: 記錄是哪個變更觸發的: command not found
/Users/mac/Documents/Sync-Logseq/auto_sync.sh: line 15: 記錄是哪個變更觸發的: command not found
/Users/mac/Documents/Sync-Logseq/auto_sync.sh: line 15: 記錄是哪個變更觸發的: command not found
/Users/mac/Documents/Sync-Logseq/auto_sync.sh: line 15: 記錄是哪個變更觸發的: command not found
/Users/mac/Documents/Sync-Logseq/auto_sync.sh: line 15: 記錄是哪個變更觸發的: command not found
/Users/mac/Documents/Sync-Logseq/auto_sync.sh: line 15: 記錄是哪個變更觸發的: command not found
/Users/mac/Documents/Sync-Logseq/auto_sync.sh: line 15: 記錄是哪個變更觸發的: command not found
/Users/mac/Documents/Sync-Logseq/auto_sync.sh: line 15: 記錄是哪個變更觸發的: command not found
/Users/mac/Documents/Sync-Logseq/auto_sync.sh: line 15: 記錄是哪個變更觸發的: command not found
/Users/mac/Documents/Sync-Logseq/auto_sync.sh: line 15: 記錄是哪個變更觸發的: command not found
/Users/mac/Documents/Sync-Logseq/auto_sync.sh: line 15: 記錄是哪個變更觸發的: command not found
/Users/mac/Documents/Sync-Logseq/auto_sync.sh: line 15: 記錄是哪個變更觸發的: command not found
/Users/mac/Documents/Sync-Logseq/auto_sync.sh: line 15: 記錄是哪個變更觸發的: command not found
/Users/mac/Documents/Sync-Logseq/auto_sync.sh: line 15: 記錄是哪個變更觸發的: command not found
/Users/mac/Documents/Sync-Logseq/auto_sync.sh: line 15: 記錄是哪個變更觸發的: command not found
/Users/mac/Documents/Sync-Logseq/auto_sync.sh: line 15: 記錄是哪個變更觸發的: command not found
/Users/mac/Documents/Sync-Logseq/auto_sync.sh: line 15: 記錄是哪個變更觸發的: command not found
/Users/mac/Documents/Sync-Logseq/auto_sync.sh: line 15: 記錄是哪個變更觸發的: command not found
/Users/mac/Documents/Sync-Logseq/auto_sync.sh: line 15: 記錄是哪個變更觸發的: command not found
/Users/mac/Documents/Sync-Logseq/auto_sync.sh: line 15: 記錄是哪個變更觸發的: command not found
/Users/mac/Documents/Sync-Logseq/auto_sync.sh: line 15: 記錄是哪個變更觸發的: command not found
fatal: Unable to create '/Users/mac/Documents/Sync-Logseq/.git/index.lock': File exists.

Another git process seems to be running in this repository, e.g.
an editor opened by 'git commit'. Please make sure all processes
are terminated then try again. If it still fails, a git process
may have crashed in this repository earlier:
remove the file manually to continue.
fatal: Unable to create '/Users/mac/Documents/Sync-Logseq/.git/index.lock': File exists.

Another git process seems to be running in this repository, e.g.
an editor opened by 'git commit'. Please make sure all processes
are terminated then try again. If it still fails, a git process
may have crashed in this repository earlier:
remove the file manually to continue.
Terminated: 15
