Tue Jul 22 10:10:46 +08 2025: ====== Sync Service Started ======
Tue Jul 22 10:10:46 +08 2025: Change detected, starting sync.
Already on 'main'
M	journals/2025-07-22.md
M	logseq_sync.sh
Your branch is up to date with 'origin/main'.
Tue Jul 22 10:10:46 +08 2025: Committing local changes.
Tue Jul 22 10:10:50 +08 2025: ====== Sync Service Started ======
Tue Jul 22 10:10:50 +08 2025: Change detected, starting sync.
Already on 'main'
M	sync.log
Your branch is ahead of 'origin/main' by 1 commit.
  (use "git push" to publish your local commits)
Tue Jul 22 10:10:50 +08 2025: Committing local changes.
To github.com:GengGeng026/Sync-Logseq.git
   58db9850..393598ea  main -> main
[main 393598ea] Auto-sync: Tue Jul 22 10:10:46 +08 2025
 4 files changed, 146 insertions(+), 7 deletions(-)
 create mode 100644 sync.error.log
 create mode 100644 sync.log
Tue Jul 22 10:10:52 +08 2025: Pulling remote changes.
error: cannot pull with rebase: You have unstaged changes.
error: additionally, your index contains uncommitted changes.
error: please commit or stash them.
Tue Jul 22 10:10:52 +08 2025: PULL FAILED: A conflict likely occurred. Please resolve it manually.
fatal: No rebase in progress?
Tue Jul 22 10:10:52 +08 2025: Starting fswatch to monitor for file changes...
