Sun Aug  3 21:01:32 +08 2025: [PID:15696] 🎯 啟動單進程同步服務 (PID: 15696)
Sun Aug  3 21:01:32 +08 2025: [PID:15696] 🚀 開始同步...
Already on 'main'
M	logseq_sync_single.sh
M	sync_simple.log
Your branch is up to date with 'origin/main'.
[main 625e9328] Auto-sync: 2025-08-03 21:01:32
 4 files changed, 28 insertions(+), 34 deletions(-)
 create mode 100644 .sync_lock
 mode change 100644 => 100755 logseq_sync_single.sh
 create mode 100644 sync_single.log
Sun Aug  3 21:01:33 +08 2025: [PID:15696] 📝 本地變更已提交
From github.com:GengGeng026/Sync-Logseq
 * branch              main       -> FETCH_HEAD
Already up to date.
Sun Aug  3 21:01:36 +08 2025: [PID:15696] 📥 成功拉取遠端變更
To github.com:GengGeng026/Sync-Logseq.git
   3a092462..625e9328  main -> main
Sun Aug  3 21:01:39 +08 2025: [PID:15696] 📤 成功推送到遠端
Sun Aug  3 21:01:39 +08 2025: [PID:15696] ✅ 同步完成
Sun Aug  3 21:01:39 +08 2025: [PID:15696] 👀 開始監控文件變更...
Sun Aug  3 21:02:39 +08 2025: [PID:15696] ⏰ 定期檢查
Sun Aug  3 21:02:39 +08 2025: [PID:15696] 🚀 開始同步...
Already on 'main'
M	sync_single.log
Your branch is up to date with 'origin/main'.
[main b785a05e] Auto-sync: 2025-08-03 21:02:40
 1 file changed, 20 insertions(+)
Sun Aug  3 21:02:40 +08 2025: [PID:15696] 📝 本地變更已提交
From github.com:GengGeng026/Sync-Logseq
 * branch              main       -> FETCH_HEAD
Already up to date.
Sun Aug  3 21:02:44 +08 2025: [PID:15696] 📥 成功拉取遠端變更
To github.com:GengGeng026/Sync-Logseq.git
   625e9328..b785a05e  main -> main
Sun Aug  3 21:02:47 +08 2025: [PID:15696] 📤 成功推送到遠端
Sun Aug  3 21:02:48 +08 2025: [PID:15696] ✅ 同步完成
Sun Aug  3 21:03:26 +08 2025: [PID:15696] ⏰ 定期檢查
Sun Aug  3 21:03:26 +08 2025: [PID:15696] 🚀 開始同步...
Already on 'main'
M	logseq_unified.log
M	sync_single.log
Your branch is up to date with 'origin/main'.
[main 1ce54b6a] Auto-sync: 2025-08-03 21:03:26
 3 files changed, 162 insertions(+)
 create mode 100644 final_verification.sh
Sun Aug  3 21:03:26 +08 2025: [PID:15696] 📝 本地變更已提交
To github.com:GengGeng026/Sync-Logseq.git
   b785a05e..f98fdc60  main -> main
Sun Aug  3 21:03:33 +08 2025: [PID:16401] 🎯 啟動單進程同步服務 (PID: 16401)
Sun Aug  3 21:03:33 +08 2025: [PID:16401] 🚀 開始同步...
Already on 'main'
M	.sync_lock
M	final_verification.sh
M	logseq_unified.log
M	sync_single.log
Your branch is up to date with 'origin/main'.
[main 4d0bf1a3] Auto-sync: 2025-08-03 21:03:33
 4 files changed, 13 insertions(+), 1 deletion(-)
 mode change 100644 => 100755 final_verification.sh
Sun Aug  3 21:03:33 +08 2025: [PID:16401] 📝 本地變更已提交
From github.com:GengGeng026/Sync-Logseq
 * branch              main       -> FETCH_HEAD
Already up to date.
Sun Aug  3 21:03:37 +08 2025: [PID:16401] 📥 成功拉取遠端變更
To github.com:GengGeng026/Sync-Logseq.git
   f98fdc60..4d0bf1a3  main -> main
Sun Aug  3 21:03:40 +08 2025: [PID:16401] 📤 成功推送到遠端
Sun Aug  3 21:03:40 +08 2025: [PID:16401] ✅ 同步完成
Sun Aug  3 21:03:40 +08 2025: [PID:16401] 👀 開始監控文件變更...
Sun Aug  3 21:03:42 +08 2025: [PID:16401] 📁 檢測到文件變更
Sun Aug  3 21:03:42 +08 2025: [PID:16401] 🚀 開始同步...
Already on 'main'
M	logseq_unified.log
M	sync_single.log
Your branch is up to date with 'origin/main'.
[main 719e35c0] Auto-sync: 2025-08-03 21:03:42
 3 files changed, 22 insertions(+)
 create mode 100644 test_1754226221.md
Sun Aug  3 21:03:42 +08 2025: [PID:16401] 📝 本地變更已提交
To github.com:GengGeng026/Sync-Logseq.git
   4d0bf1a3..cc68fcb5  main -> main
Sun Aug  3 21:03:49 +08 2025: [PID:16401] 📤 成功推送到遠端
Sun Aug  3 21:03:49 +08 2025: [PID:16401] ✅ 同步完成
Sun Aug  3 21:04:50 +08 2025: [PID:16401] ⏰ 定期檢查
Sun Aug  3 21:04:50 +08 2025: [PID:16401] 🚀 開始同步...
Already on 'main'
M	logseq_unified.log
M	sync_single.log
Your branch is up to date with 'origin/main'.
[main 78d42e96] Auto-sync: 2025-08-03 21:04:50
 2 files changed, 11 insertions(+)
Sun Aug  3 21:04:50 +08 2025: [PID:16401] 📝 本地變更已提交
From github.com:GengGeng026/Sync-Logseq
 * branch              main       -> FETCH_HEAD
Already up to date.
Sun Aug  3 21:04:54 +08 2025: [PID:16401] 📥 成功拉取遠端變更
To github.com:GengGeng026/Sync-Logseq.git
   3bfd2576..78d42e96  main -> main
Sun Aug  3 21:04:57 +08 2025: [PID:16401] 📤 成功推送到遠端
Sun Aug  3 21:04:57 +08 2025: [PID:16401] ✅ 同步完成
Sun Aug  3 21:07:05 +08 2025: [PID:477] 🎯 啟動單進程同步服務 (PID: 477)
Sun Aug  3 21:07:06 +08 2025: [PID:477] 🚀 開始同步...
Already on 'main'
M	.sync_lock
M	sync_single.log
Your branch is up to date with 'origin/main'.
