Sun Aug  3 20:53:57 +08 2025: 🎯 啟動簡化同步服務...
Sun Aug  3 20:53:57 +08 2025: 🚀 開始同步...
Already on 'main'
M	create_correct_plist.sh
Your branch is up to date with 'origin/main'.
[main 791bca34] Auto-sync: 2025-08-03 20:53:58
 4 files changed, 5 insertions(+)
 mode change 100644 => 100755 create_correct_plist.sh
 create mode 100644 launchd.log
 create mode 100644 launchd_error.log
 create mode 100644 sync_simple.log
Sun Aug  3 20:53:58 +08 2025: 📝 本地變更已提交
From github.com:GengGeng026/Sync-Logseq
 * branch              main       -> FETCH_HEAD
Already up to date.
Sun Aug  3 20:54:01 +08 2025: 📥 成功拉取遠端變更
To github.com:GengGeng026/Sync-Logseq.git
   e7e18de5..791bca34  main -> main
Sun Aug  3 20:54:05 +08 2025: 📤 成功推送到遠端
Sun Aug  3 20:54:05 +08 2025: ✅ 同步完成
------------------------
Sun Aug  3 20:54:05 +08 2025: 👀 開始監控文件變更...
Sun Aug  3 20:54:59 +08 2025: 📁 檢測到文件變更: 1
Sun Aug  3 20:54:59 +08 2025: 🚀 開始同步...
Already on 'main'
M	journals/2025-08-03.md
M	sync_simple.log
Your branch is up to date with 'origin/main'.
